// Jest Snapshot v1, https://goo.gl/fbAQLP

exports[`<Dummy/> matches snapshot 1`] = `
<styled.h1>
  I am Dummy component
</styled.h1>
`;
