// Jest Snapshot v1, https://goo.gl/fbAQLP

exports[`<Dummy/> matches snapshot 1`] = `
<p>
  I am dummy component new.
</p>
`;
